// Jest Snapshot v1, https://goo.gl/fbAQLP

exports[`Given a ReminderCard component, When ReminderCard function is invoked, Then PlantCard component renders correctly 1`] = `
<View
  style={
    Object {
      "alignItems": "center",
      "borderColor": "#93B1A7",
      "borderRadius": 10,
      "borderWidth": 2,
      "flexDirection": "row",
      "height": 150,
      "justifyContent": "space-evenly",
      "marginLeft": 20,
      "marginVertical": 10,
      "width": 350,
    }
  }
>
  <Image
    source={
      Object {
        "uri": "img.com",
      }
    }
    style={
      Object {
        "backgroundColor": "#E5E5E5",
        "borderRadius": 10,
        "height": 120,
        "width": 120,
      }
    }
  />
  <View
    style={
      Object {
        "alignItems": "flex-start",
        "width": 180,
      }
    }
  >
    <View
      style={
        Object {
          "flexDirection": "row",
          "justifyContent": "flex-start",
          "marginVertical": 10,
          "width": 150,
        }
      }
    >
      <Text
        style={
          Object {
            "fontSize": 18,
            "fontWeight": "bold",
            "marginHorizontal": 5,
          }
        }
      >
        kentia
      </Text>
      <Text
        style={
          Object {
            "fontSize": 18,
            "marginHorizontal": 5,
          }
        }
      >
        bedroom
      </Text>
    </View>
    <View
      style={
        Object {
          "flexDirection": "row",
          "justifyContent": "flex-start",
          "marginVertical": 10,
          "width": 180,
        }
      }
    >
      <Image
        source={
          Object {
            "testUri": "../../../src/icons/water24.png",
          }
        }
        style={
          Object {
            "margin": 10,
          }
        }
      />
      <Image
        source={
          Object {
            "testUri": "../../../src/icons/mist24.png",
          }
        }
        style={
          Object {
            "margin": 10,
          }
        }
      />
      <Image
        source={
          Object {
            "testUri": "../../../src/icons/settings24.png",
          }
        }
        style={
          Object {
            "margin": 10,
          }
        }
      />
    </View>
  </View>
</View>
`;
