// Jest Snapshot v1, https://goo.gl/fbAQLP

exports[`Given a MyReminders component When MyReminders function is invoked with an empty plants list Then is rendered whitout plants 1`] = `
<RCTScrollView
  ListEmptyComponent={
    <Text
      style={
        Object {
          "fontSize": 18,
          "marginHorizontal": 20,
        }
      }
    >
      You don't have any reminder!
    </Text>
  }
  ListHeaderComponent={
    <View
      style={
        Object {
          "alignItems": "center",
          "flexDirection": "row",
          "height": 80,
          "justifyContent": "space-between",
        }
      }
    >
      <Text
        style={
          Object {
            "fontSize": 24,
            "fontWeight": "bold",
            "margin": 20,
          }
        }
      >
        My reminders
      </Text>
    </View>
  }
  data={Array []}
  disableVirtualization={false}
  getItem={[Function]}
  getItemCount={[Function]}
  horizontal={false}
  initialNumToRender={10}
  keyExtractor={[Function]}
  maxToRenderPerBatch={10}
  onContentSizeChange={[Function]}
  onEndReachedThreshold={2}
  onLayout={[Function]}
  onMomentumScrollEnd={[Function]}
  onScroll={[Function]}
  onScrollBeginDrag={[Function]}
  onScrollEndDrag={[Function]}
  removeClippedSubviews={false}
  renderItem={[Function]}
  scrollEventThrottle={50}
  stickyHeaderIndices={Array []}
  style={
    Object {
      "backgroundColor": "white",
      "flex": 1,
    }
  }
  updateCellsBatchingPeriod={50}
  viewabilityConfigCallbackPairs={Array []}
  windowSize={21}
>
  <View>
    <View
      onLayout={[Function]}
    >
      <View
        style={
          Object {
            "alignItems": "center",
            "flexDirection": "row",
            "height": 80,
            "justifyContent": "space-between",
          }
        }
      >
        <Text
          style={
            Object {
              "fontSize": 24,
              "fontWeight": "bold",
              "margin": 20,
            }
          }
        >
          My reminders
        </Text>
      </View>
    </View>
    <Text
      onLayout={[Function]}
      style={
        Object {
          "fontSize": 18,
          "marginHorizontal": 20,
        }
      }
    >
      You don't have any reminder!
    </Text>
  </View>
</RCTScrollView>
`;

exports[`Given a MyReminders component When is invoked Then it is renders correctly 1`] = `
<RCTScrollView
  ListEmptyComponent={
    <Text
      style={
        Object {
          "fontSize": 18,
          "marginHorizontal": 20,
        }
      }
    >
      You don't have any reminder!
    </Text>
  }
  ListHeaderComponent={
    <View
      style={
        Object {
          "alignItems": "center",
          "flexDirection": "row",
          "height": 80,
          "justifyContent": "space-between",
        }
      }
    >
      <Text
        style={
          Object {
            "fontSize": 24,
            "fontWeight": "bold",
            "margin": 20,
          }
        }
      >
        My reminders
      </Text>
    </View>
  }
  data={Array []}
  disableVirtualization={false}
  getItem={[Function]}
  getItemCount={[Function]}
  horizontal={false}
  initialNumToRender={10}
  keyExtractor={[Function]}
  maxToRenderPerBatch={10}
  onContentSizeChange={[Function]}
  onEndReachedThreshold={2}
  onLayout={[Function]}
  onMomentumScrollEnd={[Function]}
  onScroll={[Function]}
  onScrollBeginDrag={[Function]}
  onScrollEndDrag={[Function]}
  removeClippedSubviews={false}
  renderItem={[Function]}
  scrollEventThrottle={50}
  stickyHeaderIndices={Array []}
  style={
    Object {
      "backgroundColor": "white",
      "flex": 1,
    }
  }
  updateCellsBatchingPeriod={50}
  viewabilityConfigCallbackPairs={Array []}
  windowSize={21}
>
  <View>
    <View
      onLayout={[Function]}
    >
      <View
        style={
          Object {
            "alignItems": "center",
            "flexDirection": "row",
            "height": 80,
            "justifyContent": "space-between",
          }
        }
      >
        <Text
          style={
            Object {
              "fontSize": 24,
              "fontWeight": "bold",
              "margin": 20,
            }
          }
        >
          My reminders
        </Text>
      </View>
    </View>
    <Text
      onLayout={[Function]}
      style={
        Object {
          "fontSize": 18,
          "marginHorizontal": 20,
        }
      }
    >
      You don't have any reminder!
    </Text>
  </View>
</RCTScrollView>
`;
