// Jest Snapshot v1, https://goo.gl/fbAQLP

exports[`Given a PlantDetails component When invoques PlantDetails function Should render a plant with detail 1`] = `
<View
  style={
    Object {
      "backgroundColor": "white",
      "flex": 1,
    }
  }
>
  <View
    style={
      Object {
        "alignItems": "center",
        "flexDirection": "row",
        "height": 80,
        "justifyContent": "space-between",
      }
    }
  >
    <Text
      style={
        Object {
          "fontSize": 24,
          "fontWeight": "bold",
          "margin": 20,
        }
      }
    >
      kentia
    </Text>
  </View>
  <Text
    style={
      Object {
        "borderBottomColor": "#93B1A7",
        "borderBottomWidth": 2,
        "fontSize": 18,
        "fontStyle": "italic",
        "marginHorizontal": 20,
        "paddingBottom": 10,
      }
    }
  />
  <View
    style={
      Object {
        "alignItems": "center",
        "flexDirection": "row",
      }
    }
  >
    <Image
      source={
        Object {
          "uri": "img.com",
        }
      }
      style={
        Object {
          "borderRadius": 10,
          "height": 250,
          "margin": 20,
          "width": 170,
        }
      }
    />
    <View
      style={
        Object {
          "height": 250,
          "justifyContent": "space-around",
          "width": 170,
        }
      }
    >
      <View
        style={
          Object {
            "flexDirection": "row",
          }
        }
      />
      <View
        style={
          Object {
            "flexDirection": "row",
          }
        }
      />
      <View
        style={
          Object {
            "flexDirection": "row",
          }
        }
      />
      <View
        style={
          Object {
            "flexDirection": "row",
          }
        }
      >
        <Image
          source={
            Object {
              "testUri": "../../../src/icons/dangerous24.png",
            }
          }
        />
      </View>
    </View>
  </View>
  <Text
    style={
      Object {
        "fontSize": 18,
        "marginHorizontal": 20,
      }
    }
  />
  <View
    style={
      Object {
        "alignItems": "flex-end",
        "flex": 1,
        "flexDirection": "row",
        "justifyContent": "flex-end",
      }
    }
  >
    <View
      accessible={true}
      focusable={true}
      onClick={[Function]}
      onResponderGrant={[Function]}
      onResponderMove={[Function]}
      onResponderRelease={[Function]}
      onResponderTerminate={[Function]}
      onResponderTerminationRequest={[Function]}
      onStartShouldSetResponder={[Function]}
      style={
        Object {
          "alignItems": "center",
          "backgroundColor": "#B8E0D2",
          "borderRadius": 50,
          "height": 60,
          "justifyContent": "center",
          "margin": 20,
          "opacity": 1,
          "width": 60,
        }
      }
      testID="goBackButton"
    >
      <Image
        source={
          Object {
            "testUri": "../../../src/icons/goBack24.png",
          }
        }
      />
    </View>
  </View>
</View>
`;
